<html>
<body>
<pre>
<h1>µVision Build Log</h1>
<h2>Tool Versions:</h2>
IDE-Version: ¦ÌVision V5.42.0.0
Copyright (C) 2025 ARM Ltd and ARM Germany GmbH. All rights reserved.
License Information: 2 ASUS, 2, LIC=D0D7S-L7Z80-X7XRZ-JHFYQ-QX6RY-TNUVY
 
Tool Versions:
Toolchain:       MDK-ARM Plus  Version: 5.42.0.0
Toolchain Path:  D:\Keil_2025\Keil_v5\ARM\ARMCLANG\Bin
C Compiler:      ArmClang.exe V6.23
Assembler:       Armasm.exe V6.23
Linker/Locator:  ArmLink.exe V6.23
Library Manager: ArmAr.exe V6.23
Hex Converter:   FromElf.exe V6.23
CPU DLL:         SARMCM3.DLL V5.42.0.0
Dialog DLL:      DCM.DLL V1.17.5.0
Target DLL:      CMSIS_AGDI.dll V1.33.22.0
Dialog DLL:      TCM.DLL V1.56.6.0
 
<h2>Project:</h2>
C:\Users\ASUS\Automation-Smart-Car---Summer-Training\SummerTraining\project\mdk\mm32f327x_g8p.uvprojx
Project File Date:  07/01/2025

<h2>Output:</h2>
*** Using Compiler 'V6.23', folder: 'D:\Keil_2025\Keil_v5\ARM\ARMCLANG\Bin'
Build target 'mm32f327x_g8p_project'
../user/src/image_handle.c(216): warning: cast to 'uint8 *' (aka 'unsigned char *') from smaller integer type 'uint8' (aka 'unsigned char') [-Wint-to-pointer-cast]
  216 |     uint8 *p = (uint8 *)image[0];                          // Í¼<CF><F1><CA><FD><D7><E9>Ö¸<D5><EB>
      |                ^~~~~~~~~~~~~~~~~
1 warning generated.
compiling image_handle.c...
compiling main.c...
compiling isr.c...
linking...
Program Size: Code=40768 RO-data=3852 RW-data=5188 ZI-data=32784  
".\Objects\MM32F327X_G8P.axf" - 0 Error(s), 1 Warning(s).

<h2>Software Packages used:</h2>

Package Vendor: MindMotion
                http://www.mindmotion.com.cn/Download/MDK_KEIL/MindMotion.MM32F3270_DFP.1.0.5.pack
                MindMotion::MM32F3270_DFP@1.0.5
                MindMotion MM32F3270 Series Device Support, Drivers and Examples

<h2>Collection of Component include folders:</h2>
  D:/Keil_2025/Arm/Packs/MindMotion/MM32F3270_DFP/1.0.5/Device/MM32F327x/Include

<h2>Collection of Component Files used:</h2>
Build Time Elapsed:  00:00:25
</pre>
</body>
</html>
